<?xml version="1.0" encoding="utf-8"?><testsuites name="pytest tests"><testsuite name="pytest" errors="0" failures="0" skipped="0" tests="0" time="0.018" timestamp="2026-07-27T23:52:01.870314-06:00" hostname="GaldinoAsusR5" /></testsuites>